Archive member included to satisfy reference by file (symbol)

c:/ac6/systemworkbench/plugins/fr.ac6.mcu.externaltools.arm-none.win32_1.15.0.201708311556/tools/compiler/bin/../lib/gcc/arm-none-eabi/6.3.1/thumb/v6-m\libgcc.a(_udivsi3.o)
                              Application/User/main.o (__aeabi_uidiv)
c:/ac6/systemworkbench/plugins/fr.ac6.mcu.externaltools.arm-none.win32_1.15.0.201708311556/tools/compiler/bin/../lib/gcc/arm-none-eabi/6.3.1/thumb/v6-m\libgcc.a(_dvmd_tls.o)
                              c:/ac6/systemworkbench/plugins/fr.ac6.mcu.externaltools.arm-none.win32_1.15.0.201708311556/tools/compiler/bin/../lib/gcc/arm-none-eabi/6.3.1/thumb/v6-m\libgcc.a(_udivsi3.o) (__aeabi_idiv0)
c:/ac6/systemworkbench/plugins/fr.ac6.mcu.externaltools.arm-none.win32_1.15.0.201708311556/tools/compiler/bin/../lib/gcc/arm-none-eabi/6.3.1/../../../../arm-none-eabi/lib/thumb/v6-m\libc_nano.a(lib_a-exit.o)
                              c:/ac6/systemworkbench/plugins/fr.ac6.mcu.externaltools.arm-none.win32_1.15.0.201708311556/tools/compiler/bin/../lib/gcc/arm-none-eabi/6.3.1/../../../../arm-none-eabi/lib/thumb/v6-m/crt0.o (exit)
c:/ac6/systemworkbench/plugins/fr.ac6.mcu.externaltools.arm-none.win32_1.15.0.201708311556/tools/compiler/bin/../lib/gcc/arm-none-eabi/6.3.1/../../../../arm-none-eabi/lib/thumb/v6-m\libc_nano.a(lib_a-impure.o)
                              c:/ac6/systemworkbench/plugins/fr.ac6.mcu.externaltools.arm-none.win32_1.15.0.201708311556/tools/compiler/bin/../lib/gcc/arm-none-eabi/6.3.1/../../../../arm-none-eabi/lib/thumb/v6-m\libc_nano.a(lib_a-exit.o) (_global_impure_ptr)
c:/ac6/systemworkbench/plugins/fr.ac6.mcu.externaltools.arm-none.win32_1.15.0.201708311556/tools/compiler/bin/../lib/gcc/arm-none-eabi/6.3.1/../../../../arm-none-eabi/lib/thumb/v6-m\libc_nano.a(lib_a-init.o)
                              c:/ac6/systemworkbench/plugins/fr.ac6.mcu.externaltools.arm-none.win32_1.15.0.201708311556/tools/compiler/bin/../lib/gcc/arm-none-eabi/6.3.1/../../../../arm-none-eabi/lib/thumb/v6-m/crt0.o (__libc_init_array)
c:/ac6/systemworkbench/plugins/fr.ac6.mcu.externaltools.arm-none.win32_1.15.0.201708311556/tools/compiler/bin/../lib/gcc/arm-none-eabi/6.3.1/../../../../arm-none-eabi/lib/thumb/v6-m\libc_nano.a(lib_a-memcpy-stub.o)
                              Middlewares/FreeRTOS/queue.o (memcpy)
c:/ac6/systemworkbench/plugins/fr.ac6.mcu.externaltools.arm-none.win32_1.15.0.201708311556/tools/compiler/bin/../lib/gcc/arm-none-eabi/6.3.1/../../../../arm-none-eabi/lib/thumb/v6-m\libc_nano.a(lib_a-memset.o)
                              c:/ac6/systemworkbench/plugins/fr.ac6.mcu.externaltools.arm-none.win32_1.15.0.201708311556/tools/compiler/bin/../lib/gcc/arm-none-eabi/6.3.1/../../../../arm-none-eabi/lib/thumb/v6-m/crt0.o (memset)
c:/ac6/systemworkbench/plugins/fr.ac6.mcu.externaltools.arm-none.win32_1.15.0.201708311556/tools/compiler/bin/../lib/gcc/arm-none-eabi/6.3.1/../../../../arm-none-eabi/lib/thumb/v6-m\libnosys.a(_exit.o)
                              c:/ac6/systemworkbench/plugins/fr.ac6.mcu.externaltools.arm-none.win32_1.15.0.201708311556/tools/compiler/bin/../lib/gcc/arm-none-eabi/6.3.1/../../../../arm-none-eabi/lib/thumb/v6-m\libc_nano.a(lib_a-exit.o) (_exit)

Allocating common symbols
Common symbol       size              file

defaultTaskHandle   0x4               Application/User/main.o
hi2c1               0x4c              Application/User/main.o
uwTick              0x4               Drivers/STM32F0xx_HAL_Driver/stm32f0xx_hal.o
xQueueRegistry      0x40              Middlewares/FreeRTOS/queue.o
pFlash              0x20              Drivers/STM32F0xx_HAL_Driver/stm32f0xx_hal_flash.o
htim6               0x40              Application/User/main.o
htim1               0x40              Application/User/stm32f0xx_hal_timebase_TIM.o
hspi1               0x64              Application/User/main.o
htim14              0x40              Application/User/main.o

Discarded input sections

 .text          0x00000000        0x0 c:/ac6/systemworkbench/plugins/fr.ac6.mcu.externaltools.arm-none.win32_1.15.0.201708311556/tools/compiler/bin/../lib/gcc/arm-none-eabi/6.3.1/thumb/v6-m/crti.o
 .data          0x00000000        0x0 c:/ac6/systemworkbench/plugins/fr.ac6.mcu.externaltools.arm-none.win32_1.15.0.201708311556/tools/compiler/bin/../lib/gcc/arm-none-eabi/6.3.1/thumb/v6-m/crti.o
 .bss           0x00000000        0x0 c:/ac6/systemworkbench/plugins/fr.ac6.mcu.externaltools.arm-none.win32_1.15.0.201708311556/tools/compiler/bin/../lib/gcc/arm-none-eabi/6.3.1/thumb/v6-m/crti.o
 .data          0x00000000        0x4 c:/ac6/systemworkbench/plugins/fr.ac6.mcu.externaltools.arm-none.win32_1.15.0.201708311556/tools/compiler/bin/../lib/gcc/arm-none-eabi/6.3.1/thumb/v6-m/crtbegin.o
 .text          0x00000000       0x78 c:/ac6/systemworkbench/plugins/fr.ac6.mcu.externaltools.arm-none.win32_1.15.0.201708311556/tools/compiler/bin/../lib/gcc/arm-none-eabi/6.3.1/../../../../arm-none-eabi/lib/thumb/v6-m/crt0.o
[...]
Memory Configuration

Name             Origin             Length             Attributes
RAM              0x20000000         0x00002000         xrw
FLASH            0x08000000         0x00010000         xr
*default*        0x00000000         0xffffffff

Linker script and memory map

LOAD c:/ac6/systemworkbench/plugins/fr.ac6.mcu.externaltools.arm-none.win32_1.15.0.201708311556/tools/compiler/bin/../lib/gcc/arm-none-eabi/6.3.1/thumb/v6-m/crti.o
LOAD c:/ac6/systemworkbench/plugins/fr.ac6.mcu.externaltools.arm-none.win32_1.15.0.201708311556/tools/compiler/bin/../lib/gcc/arm-none-eabi/6.3.1/thumb/v6-m/crtbegin.o
LOAD c:/ac6/systemworkbench/plugins/fr.ac6.mcu.externaltools.arm-none.win32_1.15.0.201708311556/tools/compiler/bin/../lib/gcc/arm-none-eabi/6.3.1/../../../../arm-none-eabi/lib/thumb/v6-m/crt0.o
LOAD Application/SW4STM32/startup_stm32f030x8.o
LOAD Application/User/freertos.o
LOAD Application/User/main.o
LOAD Application/User/stm32f0xx_hal_msp.o
LOAD Application/User/stm32f0xx_hal_timebase_TIM.o
LOAD Application/User/stm32f0xx_it.o
LOAD Drivers/CMSIS/system_stm32f0xx.o
LOAD Drivers/STM32F0xx_HAL_Driver/stm32f0xx_hal.o
LOAD Drivers/STM32F0xx_HAL_Driver/stm32f0xx_hal_cortex.o
LOAD Drivers/STM32F0xx_HAL_Driver/stm32f0xx_hal_dma.o
LOAD Drivers/STM32F0xx_HAL_Driver/stm32f0xx_hal_flash.o
LOAD Drivers/STM32F0xx_HAL_Driver/stm32f0xx_hal_flash_ex.o
LOAD Drivers/STM32F0xx_HAL_Driver/stm32f0xx_hal_gpio.o
LOAD Drivers/STM32F0xx_HAL_Driver/stm32f0xx_hal_i2c.o
LOAD Drivers/STM32F0xx_HAL_Driver/stm32f0xx_hal_i2c_ex.o
LOAD Drivers/STM32F0xx_HAL_Driver/stm32f0xx_hal_pwr.o
LOAD Drivers/STM32F0xx_HAL_Driver/stm32f0xx_hal_pwr_ex.o
LOAD Drivers/STM32F0xx_HAL_Driver/stm32f0xx_hal_rcc.o
LOAD Drivers/STM32F0xx_HAL_Driver/stm32f0xx_hal_rcc_ex.o
LOAD Drivers/STM32F0xx_HAL_Driver/stm32f0xx_hal_spi.o
LOAD Drivers/STM32F0xx_HAL_Driver/stm32f0xx_hal_spi_ex.o
LOAD Drivers/STM32F0xx_HAL_Driver/stm32f0xx_hal_tim.o
LOAD Drivers/STM32F0xx_HAL_Driver/stm32f0xx_hal_tim_ex.o
LOAD Middlewares/FreeRTOS/cmsis_os.o
LOAD Middlewares/FreeRTOS/croutine.o
LOAD Middlewares/FreeRTOS/event_groups.o
LOAD Middlewares/FreeRTOS/heap_4.o
LOAD Middlewares/FreeRTOS/list.o
LOAD Middlewares/FreeRTOS/port.o
LOAD Middlewares/FreeRTOS/queue.o
LOAD Middlewares/FreeRTOS/tasks.o
LOAD Middlewares/FreeRTOS/timers.o
LOAD c:/ac6/systemworkbench/plugins/fr.ac6.mcu.externaltools.arm-none.win32_1.15.0.201708311556/tools/compiler/bin/../lib/gcc/arm-none-eabi/6.3.1/../../../../arm-none-eabi/lib/thumb/v6-m\libstdc++_nano.a
LOAD c:/ac6/systemworkbench/plugins/fr.ac6.mcu.externaltools.arm-none.win32_1.15.0.201708311556/tools/compiler/bin/../lib/gcc/arm-none-eabi/6.3.1/../../../../arm-none-eabi/lib/thumb/v6-m\libm.a
START GROUP
LOAD c:/ac6/systemworkbench/plugins/fr.ac6.mcu.externaltools.arm-none.win32_1.15.0.201708311556/tools/compiler/bin/../lib/gcc/arm-none-eabi/6.3.1/thumb/v6-m\libgcc.a
LOAD c:/ac6/systemworkbench/plugins/fr.ac6.mcu.externaltools.arm-none.win32_1.15.0.201708311556/tools/compiler/bin/../lib/gcc/arm-none-eabi/6.3.1/../../../../arm-none-eabi/lib/thumb/v6-m\libc_nano.a
END GROUP
START GROUP
LOAD c:/ac6/systemworkbench/plugins/fr.ac6.mcu.externaltools.arm-none.win32_1.15.0.201708311556/tools/compiler/bin/../lib/gcc/arm-none-eabi/6.3.1/thumb/v6-m\libgcc.a
LOAD c:/ac6/systemworkbench/plugins/fr.ac6.mcu.externaltools.arm-none.win32_1.15.0.201708311556/tools/compiler/bin/../lib/gcc/arm-none-eabi/6.3.1/../../../../arm-none-eabi/lib/thumb/v6-m\libc_nano.a
LOAD c:/ac6/systemworkbench/plugins/fr.ac6.mcu.externaltools.arm-none.win32_1.15.0.201708311556/tools/compiler/bin/../lib/gcc/arm-none-eabi/6.3.1/../../../../arm-none-eabi/lib/thumb/v6-m\libnosys.a
END GROUP
START GROUP
LOAD c:/ac6/systemworkbench/plugins/fr.ac6.mcu.externaltools.arm-none.win32_1.15.0.201708311556/tools/compiler/bin/../lib/gcc/arm-none-eabi/6.3.1/thumb/v6-m\libgcc.a
LOAD c:/ac6/systemworkbench/plugins/fr.ac6.mcu.externaltools.arm-none.win32_1.15.0.201708311556/tools/compiler/bin/../lib/gcc/arm-none-eabi/6.3.1/../../../../arm-none-eabi/lib/thumb/v6-m\libc_nano.a
LOAD c:/ac6/systemworkbench/plugins/fr.ac6.mcu.externaltools.arm-none.win32_1.15.0.201708311556/tools/compiler/bin/../lib/gcc/arm-none-eabi/6.3.1/../../../../arm-none-eabi/lib/thumb/v6-m\libnosys.a
END GROUP
LOAD c:/ac6/systemworkbench/plugins/fr.ac6.mcu.externaltools.arm-none.win32_1.15.0.201708311556/tools/compiler/bin/../lib/gcc/arm-none-eabi/6.3.1/thumb/v6-m/crtend.o
LOAD c:/ac6/systemworkbench/plugins/fr.ac6.mcu.externaltools.arm-none.win32_1.15.0.201708311556/tools/compiler/bin/../lib/gcc/arm-none-eabi/6.3.1/thumb/v6-m/crtn.o
                0x20002000                _estack = 0x20002000
                0x00000200                _Min_Heap_Size = 0x200
                0x00000400                _Min_Stack_Size = 0x400

.isr_vector     0x08000000       0xc0
                0x08000000                . = ALIGN (0x4)
 *(.isr_vector)
 .isr_vector    0x08000000       0xc0 Application/SW4STM32/startup_stm32f030x8.o
                0x08000000                g_pfnVectors
                0x080000c0                . = ALIGN (0x4)

.text           0x080000c0     0x1fc0
                0x080000c0                . = ALIGN (0x4)
 *(.text)
 .text          0x080000c0       0x60 c:/ac6/systemworkbench/plugins/fr.ac6.mcu.externaltools.arm-none.win32_1.15.0.201708311556/tools/compiler/bin/../lib/gcc/arm-none-eabi/6.3.1/thumb/v6-m/crtbegin.o
 .text          0x08000120      0x114 c:/ac6/systemworkbench/plugins/fr.ac6.mcu.externaltools.arm-none.win32_1.15.0.201708311556/tools/compiler/bin/../lib/gcc/arm-none-eabi/6.3.1/thumb/v6-m\libgcc.a(_udivsi3.o)
                0x08000120                __aeabi_uidiv
                0x08000120                __udivsi3
                0x0800022c                __aeabi_uidivmod
 .text          0x08000234        0x4 c:/ac6/systemworkbench/plugins/fr.ac6.mcu.externaltools.arm-none.win32_1.15.0.201708311556/tools/compiler/bin/../lib/gcc/arm-none-eabi/6.3.1/thumb/v6-m\libgcc.a(_dvmd_tls.o)
                0x08000234                __aeabi_idiv0
                0x08000234                __aeabi_ldiv0
 *(.text*)
 .text.Reset_Handler
                0x08000238       0x50 Application/SW4STM32/startup_stm32f030x8.o
                0x08000238                Reset_Handler
 .text.Default_Handler
                0x08000288        0x2 Application/SW4STM32/startup_stm32f030x8.o
                0x08000288                TIM1_CC_IRQHandler
                0x08000288                TIM6_IRQHandler
                0x08000288                I2C1_IRQHandler
                0x08000288                SPI1_IRQHandler
                0x08000288                EXTI2_3_IRQHandler
                0x08000288                ADC1_IRQHandler
                0x08000288                I2C2_IRQHandler
                0x08000288                TIM17_IRQHandler
                0x08000288                RTC_IRQHandler
                0x08000288                TIM16_IRQHandler
                0x08000288                TIM3_IRQHandler
                0x08000288                EXTI4_15_IRQHandler
                0x08000288                RCC_IRQHandler
                0x08000288                DMA1_Channel1_IRQHandler
                0x08000288                Default_Handler
                0x08000288                TIM14_IRQHandler
                0x08000288                DMA1_Channel4_5_IRQHandler
                0x08000288                TIM15_IRQHandler
                0x08000288                EXTI0_1_IRQHandler
                0x08000288                SPI2_IRQHandler
                0x08000288                WWDG_IRQHandler
                0x08000288                DMA1_Channel2_3_IRQHandler
                0x08000288                USART2_IRQHandler
                0x08000288                FLASH_IRQHandler
                0x08000288                USART1_IRQHandler
 *fill*         0x0800028a        0x2 
 .text.MX_GPIO_Init
                0x0800028c       0x4c Application/User/main.o
 .text.StartDefaultTask
                0x080002d8        0xa Application/User/main.o
                0x080002d8                StartDefaultTask
 *fill*         0x080002e2        0x2 
 .text.HAL_TIM_PeriodElapsedCallback
                0x080002e4       0x18 Application/User/main.o
                0x080002e4                HAL_TIM_PeriodElapsedCallback
 .text._Error_Handler
                0x080002fc        0x2 Application/User/main.o
                0x080002fc                _Error_Handler
 *fill*         0x080002fe        0x2 
 .text.MX_SPI1_Init
                0x08000300       0x58 Application/User/main.o
 .text.MX_TIM6_Init
                0x08000358       0x34 Application/User/main.o
 .text.MX_TIM14_Init
                0x0800038c       0x34 Application/User/main.o
 .text.MX_I2C1_Init
                0x080003c0       0x6c Application/User/main.o
 .text.SystemClock_Config
                0x0800042c       0x8c Application/User/main.o
                0x0800042c                SystemClock_Config
 .text.main     0x080004b8       0x48 Application/User/main.o
                0x080004b8                main
 .text.HAL_MspInit
                0x08000500       0x54 Application/User/stm32f0xx_hal_msp.o
                0x08000500                HAL_MspInit
 .text.HAL_I2C_MspInit
                0x08000554       0x4c Application/User/stm32f0xx_hal_msp.o
                0x08000554                HAL_I2C_MspInit
 .text.HAL_SPI_MspInit
                0x080005a0       0x4c Application/User/stm32f0xx_hal_msp.o
                0x080005a0                HAL_SPI_MspInit
 .text.HAL_TIM_Base_MspInit
                0x080005ec       0x4c Application/User/stm32f0xx_hal_msp.o
                0x080005ec                HAL_TIM_Base_MspInit
 .text.HAL_InitTick
                0x08000638       0x78 Application/User/stm32f0xx_hal_timebase_TIM.o
                0x08000638                HAL_InitTick
 .text.NMI_Handler
                0x080006b0        0x2 Application/User/stm32f0xx_it.o
                0x080006b0                NMI_Handler
 .text.HardFault_Handler
                0x080006b2        0x2 Application/User/stm32f0xx_it.o
                0x080006b2                HardFault_Handler
 .text.SysTick_Handler
                0x080006b4        0x8 Application/User/stm32f0xx_it.o
                0x080006b4                SysTick_Handler
 .text.TIM1_BRK_UP_TRG_COM_IRQHandler
                0x080006bc       0x10 Application/User/stm32f0xx_it.o
                0x080006bc                TIM1_BRK_UP_TRG_COM_IRQHandler
 .text.SystemInit
                0x080006cc       0x60 Drivers/CMSIS/system_stm32f0xx.o
                0x080006cc                SystemInit
 .text.HAL_Init
                0x0800072c       0x20 Drivers/STM32F0xx_HAL_Driver/stm32f0xx_hal.o
                0x0800072c                HAL_Init
 .text.HAL_IncTick
                0x0800074c       0x10 Drivers/STM32F0xx_HAL_Driver/stm32f0xx_hal.o
                0x0800074c                HAL_IncTick
 .text.HAL_GetTick
                0x0800075c        0xc Drivers/STM32F0xx_HAL_Driver/stm32f0xx_hal.o
                0x0800075c                HAL_GetTick
 .text.HAL_NVIC_SetPriority
                0x08000768       0x64 Drivers/STM32F0xx_HAL_Driver/stm32f0xx_hal_cortex.o
                0x08000768                HAL_NVIC_SetPriority
 .text.HAL_NVIC_EnableIRQ
                0x080007cc       0x14 Drivers/STM32F0xx_HAL_Driver/stm32f0xx_hal_cortex.o
                0x080007cc                HAL_NVIC_EnableIRQ
 .text.HAL_SYSTICK_Config
                0x080007e0       0x38 Drivers/STM32F0xx_HAL_Driver/stm32f0xx_hal_cortex.o
                0x080007e0                HAL_SYSTICK_Config
 .text.HAL_SYSTICK_CLKSourceConfig
                0x08000818       0x20 Drivers/STM32F0xx_HAL_Driver/stm32f0xx_hal_cortex.o
                0x08000818                HAL_SYSTICK_CLKSourceConfig
 .text.HAL_GPIO_Init
                0x08000838      0x18c Drivers/STM32F0xx_HAL_Driver/stm32f0xx_hal_gpio.o
                0x08000838                HAL_GPIO_Init
 .text.HAL_I2C_Init
                0x080009c4       0xcc Drivers/STM32F0xx_HAL_Driver/stm32f0xx_hal_i2c.o
                0x080009c4                HAL_I2C_Init
 .text.HAL_I2CEx_ConfigAnalogFilter
                0x08000a90       0x58 Drivers/STM32F0xx_HAL_Driver/stm32f0xx_hal_i2c_ex.o
                0x08000a90                HAL_I2CEx_ConfigAnalogFilter
 .text.HAL_I2CEx_ConfigDigitalFilter
                0x08000ae8       0x54 Drivers/STM32F0xx_HAL_Driver/stm32f0xx_hal_i2c_ex.o
                0x08000ae8                HAL_I2CEx_ConfigDigitalFilter
 .text.HAL_RCC_OscConfig
                0x08000b3c      0x44c Drivers/STM32F0xx_HAL_Driver/stm32f0xx_hal_rcc.o
                0x08000b3c                HAL_RCC_OscConfig
 .text.HAL_RCC_GetSysClockFreq
                0x08000f88       0x6c Drivers/STM32F0xx_HAL_Driver/stm32f0xx_hal_rcc.o
                0x08000f88                HAL_RCC_GetSysClockFreq
 .text.HAL_RCC_ClockConfig
                0x08000ff4      0x154 Drivers/STM32F0xx_HAL_Driver/stm32f0xx_hal_rcc.o
                0x08000ff4                HAL_RCC_ClockConfig
 .text.HAL_RCC_GetHCLKFreq
                0x08001148        0xc Drivers/STM32F0xx_HAL_Driver/stm32f0xx_hal_rcc.o
                0x08001148                HAL_RCC_GetHCLKFreq
 .text.HAL_RCC_GetPCLK1Freq
                0x08001154       0x20 Drivers/STM32F0xx_HAL_Driver/stm32f0xx_hal_rcc.o
                0x08001154                HAL_RCC_GetPCLK1Freq
 .text.HAL_RCC_GetClockConfig
                0x08001174       0x38 Drivers/STM32F0xx_HAL_Driver/stm32f0xx_hal_rcc.o
                0x08001174                HAL_RCC_GetClockConfig
 .text.HAL_RCCEx_PeriphCLKConfig
                0x080011ac      0x118 Drivers/STM32F0xx_HAL_Driver/stm32f0xx_hal_rcc_ex.o
                0x080011ac                HAL_RCCEx_PeriphCLKConfig
 .text.HAL_SPI_Init
                0x080012c4       0xcc Drivers/STM32F0xx_HAL_Driver/stm32f0xx_hal_spi.o
                0x080012c4                HAL_SPI_Init
 .text.HAL_TIM_Base_Start_IT
                0x08001390       0x16 Drivers/STM32F0xx_HAL_Driver/stm32f0xx_hal_tim.o
                0x08001390                HAL_TIM_Base_Start_IT
 .text.HAL_TIM_OC_DelayElapsedCallback
                0x080013a6        0x2 Drivers/STM32F0xx_HAL_Driver/stm32f0xx_hal_tim.o
                0x080013a6                HAL_TIM_OC_DelayElapsedCallback
 .text.HAL_TIM_IC_CaptureCallback
                0x080013a8        0x2 Drivers/STM32F0xx_HAL_Driver/stm32f0xx_hal_tim.o
                0x080013a8                HAL_TIM_IC_CaptureCallback
 .text.HAL_TIM_PWM_PulseFinishedCallback
                0x080013aa        0x2 Drivers/STM32F0xx_HAL_Driver/stm32f0xx_hal_tim.o
                0x080013aa                HAL_TIM_PWM_PulseFinishedCallback
 .text.HAL_TIM_TriggerCallback
                0x080013ac        0x2 Drivers/STM32F0xx_HAL_Driver/stm32f0xx_hal_tim.o
                0x080013ac                HAL_TIM_TriggerCallback
 .text.HAL_TIM_IRQHandler
                0x080013ae      0x15a Drivers/STM32F0xx_HAL_Driver/stm32f0xx_hal_tim.o
                0x080013ae                HAL_TIM_IRQHandler
 .text.TIM_Base_SetConfig
                0x08001508       0x94 Drivers/STM32F0xx_HAL_Driver/stm32f0xx_hal_tim.o
                0x08001508                TIM_Base_SetConfig
 .text.HAL_TIM_Base_Init
                0x0800159c       0x34 Drivers/STM32F0xx_HAL_Driver/stm32f0xx_hal_tim.o
                0x0800159c                HAL_TIM_Base_Init
 .text.HAL_TIMEx_CommutationCallback
                0x080015d0        0x2 Drivers/STM32F0xx_HAL_Driver/stm32f0xx_hal_tim_ex.o
                0x080015d0                HAL_TIMEx_CommutationCallback
 .text.HAL_TIMEx_BreakCallback
                0x080015d2        0x2 Drivers/STM32F0xx_HAL_Driver/stm32f0xx_hal_tim_ex.o
                0x080015d2                HAL_TIMEx_BreakCallback
 .text.makeFreeRtosPriority
                0x080015d4        0xc Middlewares/FreeRTOS/cmsis_os.o
 .text.osKernelStart
                0x080015e0        0xa Middlewares/FreeRTOS/cmsis_os.o
                0x080015e0                osKernelStart
 .text.osThreadCreate
                0x080015ea       0x34 Middlewares/FreeRTOS/cmsis_os.o
                0x080015ea                osThreadCreate
 .text.osDelay  0x0800161e       0x10 Middlewares/FreeRTOS/cmsis_os.o
                0x0800161e                osDelay
 .text.osSystickHandler
                0x0800162e       0x10 Middlewares/FreeRTOS/cmsis_os.o
                0x0800162e                osSystickHandler
 *fill*         0x0800163e        0x2 
 .text.prvHeapInit
                0x08001640       0x50 Middlewares/FreeRTOS/heap_4.o
 .text.prvInsertBlockIntoFreeList
                0x08001690       0x50 Middlewares/FreeRTOS/heap_4.o
 .text.pvPortMalloc
                0x080016e0       0xc8 Middlewares/FreeRTOS/heap_4.o
                0x080016e0                pvPortMalloc
 .text.vPortFree
                0x080017a8       0x50 Middlewares/FreeRTOS/heap_4.o
                0x080017a8                vPortFree
 .text.vListInitialise
                0x080017f8       0x16 Middlewares/FreeRTOS/list.o
                0x080017f8                vListInitialise
 .text.vListInitialiseItem
                0x0800180e        0x6 Middlewares/FreeRTOS/list.o
                0x0800180e                vListInitialiseItem
 .text.vListInsertEnd
                0x08001814       0x18 Middlewares/FreeRTOS/list.o
                0x08001814                vListInsertEnd
 .text.vListInsert
                0x0800182c       0x30 Middlewares/FreeRTOS/list.o
                0x0800182c                vListInsert
 .text.uxListRemove
                0x0800185c       0x26 Middlewares/FreeRTOS/list.o
                0x0800185c                uxListRemove
 *fill*         0x08001882        0x2 
 .text.prvTaskExitError
                0x08001884       0x14 Middlewares/FreeRTOS/port.o
 *fill*         0x08001898        0x8 
 .text.vPortStartFirstTask
                0x080018a0       0x34 Middlewares/FreeRTOS/port.o
 .text.pxPortInitialiseStack
                0x080018d4       0x20 Middlewares/FreeRTOS/port.o
                0x080018d4                pxPortInitialiseStack
 .text.SVC_Handler
                0x080018f4        0x2 Middlewares/FreeRTOS/port.o
                0x080018f4                SVC_Handler
 *fill*         0x080018f6        0x2 
 .text.vPortYield
                0x080018f8       0x18 Middlewares/FreeRTOS/port.o
                0x080018f8                vPortYield
 .text.vPortEnterCritical
                0x08001910       0x18 Middlewares/FreeRTOS/port.o
                0x08001910                vPortEnterCritical
 .text.vPortExitCritical
                0x08001928       0x20 Middlewares/FreeRTOS/port.o
                0x08001928                vPortExitCritical
 .text.ulSetInterruptMaskFromISR
                0x08001948        0xa Middlewares/FreeRTOS/port.o
                0x08001948                ulSetInterruptMaskFromISR
 .text.vClearInterruptMaskFromISR
                0x08001952        0x6 Middlewares/FreeRTOS/port.o
                0x08001952                vClearInterruptMaskFromISR
 *fill*         0x08001958        0x8 
 .text.PendSV_Handler
                0x08001960       0x44 Middlewares/FreeRTOS/port.o
                0x08001960                PendSV_Handler
 .text.xPortSysTickHandler
                0x080019a4       0x24 Middlewares/FreeRTOS/port.o
                0x080019a4                xPortSysTickHandler
 .text.vPortSetupTimerInterrupt
                0x080019c8       0x28 Middlewares/FreeRTOS/port.o
                0x080019c8                vPortSetupTimerInterrupt
 .text.xPortStartScheduler
                0x080019f0       0x34 Middlewares/FreeRTOS/port.o
                0x080019f0                xPortStartScheduler
 .text.prvResetNextTaskUnblockTime
                0x08001a24       0x30 Middlewares/FreeRTOS/tasks.o
 .text.prvDeleteTCB
                0x08001a54       0x12 Middlewares/FreeRTOS/tasks.o
 *fill*         0x08001a66        0x2 
 .text.prvInitialiseNewTask
                0x08001a68       0x88 Middlewares/FreeRTOS/tasks.o
 .text.prvInitialiseTaskLists
                0x08001af0       0x58 Middlewares/FreeRTOS/tasks.o
 .text.prvAddNewTaskToReadyList
                0x08001b48       0x94 Middlewares/FreeRTOS/tasks.o
 .text.prvAddCurrentTaskToDelayedList
                0x08001bdc       0x6c Middlewares/FreeRTOS/tasks.o
 .text.xTaskCreate
                0x08001c48       0x5e Middlewares/FreeRTOS/tasks.o
                0x08001c48                xTaskCreate
 *fill*         0x08001ca6        0x2 
 .text.vTaskStartScheduler
                0x08001ca8       0x54 Middlewares/FreeRTOS/tasks.o
                0x08001ca8                vTaskStartScheduler
 .text.vTaskSuspendAll
                0x08001cfc       0x10 Middlewares/FreeRTOS/tasks.o
                0x08001cfc                vTaskSuspendAll
 .text.xTaskIncrementTick
                0x08001d0c      0x100 Middlewares/FreeRTOS/tasks.o
                0x08001d0c                xTaskIncrementTick
 .text.xTaskResumeAll
                0x08001e0c       0xd8 Middlewares/FreeRTOS/tasks.o
                0x08001e0c                xTaskResumeAll
 .text.vTaskDelay
                0x08001ee4       0x34 Middlewares/FreeRTOS/tasks.o
                0x08001ee4                vTaskDelay
 .text.prvCheckTasksWaitingTermination
                0x08001f18       0x50 Middlewares/FreeRTOS/tasks.o
 .text.prvIdleTask
                0x08001f68       0x18 Middlewares/FreeRTOS/tasks.o
 .text.vTaskSwitchContext
                0x08001f80       0x80 Middlewares/FreeRTOS/tasks.o
                0x08001f80                vTaskSwitchContext
 .text.xTaskGetSchedulerState
                0x08002000       0x20 Middlewares/FreeRTOS/tasks.o
                0x08002000                xTaskGetSchedulerState
 .text.__libc_init_array
                0x08002020       0x48 c:/ac6/systemworkbench/plugins/fr.ac6.mcu.externaltools.arm-none.win32_1.15.0.201708311556/tools/compiler/bin/../lib/gcc/arm-none-eabi/6.3.1/../../../../arm-none-eabi/lib/thumb/v6-m\libc_nano.a(lib_a-init.o)
                0x08002020                __libc_init_array
 *(.glue_7)
 .glue_7        0x08002068        0x0 linker stubs
 *(.glue_7t)
 .glue_7t       0x08002068        0x0 linker stubs
 *(.eh_frame)
 .eh_frame      0x08002068        0x0 c:/ac6/systemworkbench/plugins/fr.ac6.mcu.externaltools.arm-none.win32_1.15.0.201708311556/tools/compiler/bin/../lib/gcc/arm-none-eabi/6.3.1/thumb/v6-m/crtbegin.o
 *(.init)
 .init          0x08002068        0x4 c:/ac6/systemworkbench/plugins/fr.ac6.mcu.externaltools.arm-none.win32_1.15.0.201708311556/tools/compiler/bin/../lib/gcc/arm-none-eabi/6.3.1/thumb/v6-m/crti.o
                0x08002068                _init
 .init          0x0800206c        0x8 c:/ac6/systemworkbench/plugins/fr.ac6.mcu.externaltools.arm-none.win32_1.15.0.201708311556/tools/compiler/bin/../lib/gcc/arm-none-eabi/6.3.1/thumb/v6-m/crtn.o
 *(.fini)
 .fini          0x08002074        0x4 c:/ac6/systemworkbench/plugins/fr.ac6.mcu.externaltools.arm-none.win32_1.15.0.201708311556/tools/compiler/bin/../lib/gcc/arm-none-eabi/6.3.1/thumb/v6-m/crti.o
                0x08002074                _fini
 .fini          0x08002078        0x8 c:/ac6/systemworkbench/plugins/fr.ac6.mcu.externaltools.arm-none.win32_1.15.0.201708311556/tools/compiler/bin/../lib/gcc/arm-none-eabi/6.3.1/thumb/v6-m/crtn.o
                0x08002080                . = ALIGN (0x4)
                0x08002080                _etext = .

.vfp11_veneer   0x08002080        0x0
 .vfp11_veneer  0x08002080        0x0 linker stubs

.v4_bx          0x08002080        0x0
 .v4_bx         0x08002080        0x0 linker stubs

.iplt           0x08002080        0x0
 .iplt          0x08002080        0x0 c:/ac6/systemworkbench/plugins/fr.ac6.mcu.externaltools.arm-none.win32_1.15.0.201708311556/tools/compiler/bin/../lib/gcc/arm-none-eabi/6.3.1/thumb/v6-m/crtbegin.o

.rodata         0x08002080       0x9c
                0x08002080                . = ALIGN (0x4)
 *(.rodata)
 .rodata        0x08002080       0x14 Application/User/main.o
 .rodata        0x08002094       0x18 Drivers/CMSIS/system_stm32f0xx.o
                0x08002094                AHBPrescTable
                0x080020a4                APBPrescTable
 .rodata        0x080020ac       0x20 Drivers/STM32F0xx_HAL_Driver/stm32f0xx_hal_rcc.o
 *(.rodata*)
 .rodata.str1.4
                0x080020cc       0x48 Application/User/main.o
 .rodata.str1.4
                0x08002114        0x8 Middlewares/FreeRTOS/tasks.o
                                  0x5 (size before relaxing)
                0x0800211c                . = ALIGN (0x4)

.rel.dyn        0x0800211c        0x0
 .rel.iplt      0x0800211c        0x0 c:/ac6/systemworkbench/plugins/fr.ac6.mcu.externaltools.arm-none.win32_1.15.0.201708311556/tools/compiler/bin/../lib/gcc/arm-none-eabi/6.3.1/thumb/v6-m/crtbegin.o

.ARM.extab
 *(.ARM.extab* .gnu.linkonce.armextab.*)

.ARM            0x0800211c        0x0
                0x0800211c                __exidx_start = .
 *(.ARM.exidx*)
                0x0800211c                __exidx_end = .

.preinit_array  0x0800211c        0x0
                0x0800211c                PROVIDE (__preinit_array_start, .)
 *(.preinit_array*)
                0x0800211c                PROVIDE (__preinit_array_end, .)

.init_array     0x0800211c        0x4
                0x0800211c                PROVIDE (__init_array_start, .)
 *(SORT(.init_array.*))
 *(.init_array*)
 .init_array    0x0800211c        0x4 c:/ac6/systemworkbench/plugins/fr.ac6.mcu.externaltools.arm-none.win32_1.15.0.201708311556/tools/compiler/bin/../lib/gcc/arm-none-eabi/6.3.1/thumb/v6-m/crtbegin.o
                0x08002120                PROVIDE (__init_array_end, .)

.fini_array     0x08002120        0x4
                [!provide]                PROVIDE (__fini_array_start, .)
 *(SORT(.fini_array.*))
 *(.fini_array*)
 .fini_array    0x08002120        0x4 c:/ac6/systemworkbench/plugins/fr.ac6.mcu.externaltools.arm-none.win32_1.15.0.201708311556/tools/compiler/bin/../lib/gcc/arm-none-eabi/6.3.1/thumb/v6-m/crtbegin.o
                [!provide]                PROVIDE (__fini_array_end, .)
                0x08002124                _sidata = LOADADDR (.data)

.data           0x20000000        0x8 load address 0x08002124
                0x20000000                . = ALIGN (0x4)
                0x20000000                _sdata = .
 *(.data)
 .data          0x20000000        0x4 Drivers/CMSIS/system_stm32f0xx.o
                0x20000000                SystemCoreClock
 .data          0x20000004        0x4 Middlewares/FreeRTOS/port.o
 *(.data*)
                0x20000008                . = ALIGN (0x4)
                0x20000008                _edata = .

.jcr            0x20000008        0x0 load address 0x0800212c
 .jcr           0x20000008        0x0 c:/ac6/systemworkbench/plugins/fr.ac6.mcu.externaltools.arm-none.win32_1.15.0.201708311556/tools/compiler/bin/../lib/gcc/arm-none-eabi/6.3.1/thumb/v6-m/crtbegin.o

.igot.plt       0x20000008        0x0 load address 0x0800212c
 .igot.plt      0x20000008        0x0 c:/ac6/systemworkbench/plugins/fr.ac6.mcu.externaltools.arm-none.win32_1.15.0.201708311556/tools/compiler/bin/../lib/gcc/arm-none-eabi/6.3.1/thumb/v6-m/crtbegin.o
                0x20000008                . = ALIGN (0x4)

.bss            0x20000008      0xed8 load address 0x0800212c
                0x20000008                _sbss = .
                0x20000008                __bss_start__ = _sbss
 *(.bss)
 .bss           0x20000008       0x1c c:/ac6/systemworkbench/plugins/fr.ac6.mcu.externaltools.arm-none.win32_1.15.0.201708311556/tools/compiler/bin/../lib/gcc/arm-none-eabi/6.3.1/thumb/v6-m/crtbegin.o
 .bss           0x20000024      0xc18 Middlewares/FreeRTOS/heap_4.o
 .bss           0x20000c3c      0x12c Middlewares/FreeRTOS/tasks.o
                0x20000d3c                pxCurrentTCB
 *(.bss*)
 *(COMMON)
 COMMON         0x20000d68      0x134 Application/User/main.o
                0x20000d68                defaultTaskHandle
                0x20000d6c                hi2c1
                0x20000db8                htim6
                0x20000df8                hspi1
                0x20000e5c                htim14
 COMMON         0x20000e9c       0x40 Application/User/stm32f0xx_hal_timebase_TIM.o
                0x20000e9c                htim1
 COMMON         0x20000edc        0x4 Drivers/STM32F0xx_HAL_Driver/stm32f0xx_hal.o
                0x20000edc                uwTick
                0x20000ee0                . = ALIGN (0x4)
                0x20000ee0                _ebss = .
                0x20000ee0                __bss_end__ = _ebss

._user_heap_stack
                0x20000ee0      0x600 load address 0x0800212c
                0x20000ee0                . = ALIGN (0x8)
                [!provide]                PROVIDE (end, .)
                [!provide]                PROVIDE (_end, .)
                0x200010e0                . = (. + _Min_Heap_Size)
 *fill*         0x20000ee0      0x200 
                0x200014e0                . = (. + _Min_Stack_Size)
 *fill*         0x200010e0      0x400 
                0x200014e0                . = ALIGN (0x8)

/DISCARD/
 libc.a(*)
 libm.a(*)
 libgcc.a(*)

.ARM.attributes
                0x00000000       0x28
 *(.ARM.attributes)
 .ARM.attributes
                0x00000000       0x1e c:/ac6/systemworkbench/plugins/fr.ac6.mcu.externaltools.arm-none.win32_1.15.0.201708311556/tools/compiler/bin/../lib/gcc/arm-none-eabi/6.3.1/thumb/v6-m/crti.o
 .ARM.attributes
                0x0000001e       0x2c c:/ac6/systemworkbench/plugins/fr.ac6.mcu.externaltools.arm-none.win32_1.15.0.201708311556/tools/compiler/bin/../lib/gcc/arm-none-eabi/6.3.1/thumb/v6-m/crtbegin.o
 .ARM.attributes
                0x0000004a       0x21 Application/SW4STM32/startup_stm32f030x8.o
 .ARM.attributes
                0x0000006b       0x31 Application/User/main.o
 .ARM.attributes
                0x0000009c       0x31 Application/User/stm32f0xx_hal_msp.o
 .ARM.attributes
                0x000000cd       0x31 Application/User/stm32f0xx_hal_timebase_TIM.o
 .ARM.attributes
                0x000000fe       0x31 Application/User/stm32f0xx_it.o
 .ARM.attributes
                0x0000012f       0x31 Drivers/CMSIS/system_stm32f0xx.o
 .ARM.attributes
                0x00000160       0x31 Drivers/STM32F0xx_HAL_Driver/stm32f0xx_hal.o
 .ARM.attributes
                0x00000191       0x31 Drivers/STM32F0xx_HAL_Driver/stm32f0xx_hal_cortex.o
 .ARM.attributes
                0x000001c2       0x31 Drivers/STM32F0xx_HAL_Driver/stm32f0xx_hal_gpio.o
 .ARM.attributes
                0x000001f3       0x31 Drivers/STM32F0xx_HAL_Driver/stm32f0xx_hal_i2c.o
 .ARM.attributes
                0x00000224       0x31 Drivers/STM32F0xx_HAL_Driver/stm32f0xx_hal_i2c_ex.o
 .ARM.attributes
                0x00000255       0x31 Drivers/STM32F0xx_HAL_Driver/stm32f0xx_hal_rcc.o
 .ARM.attributes
                0x00000286       0x31 Drivers/STM32F0xx_HAL_Driver/stm32f0xx_hal_rcc_ex.o
 .ARM.attributes
                0x000002b7       0x31 Drivers/STM32F0xx_HAL_Driver/stm32f0xx_hal_spi.o
 .ARM.attributes
                0x000002e8       0x31 Drivers/STM32F0xx_HAL_Driver/stm32f0xx_hal_tim.o
 .ARM.attributes
                0x00000319       0x31 Drivers/STM32F0xx_HAL_Driver/stm32f0xx_hal_tim_ex.o
 .ARM.attributes
                0x0000034a       0x31 Middlewares/FreeRTOS/cmsis_os.o
 .ARM.attributes
                0x0000037b       0x31 Middlewares/FreeRTOS/heap_4.o
 .ARM.attributes
                0x000003ac       0x31 Middlewares/FreeRTOS/list.o
 .ARM.attributes
                0x000003dd       0x31 Middlewares/FreeRTOS/port.o
 .ARM.attributes
                0x0000040e       0x31 Middlewares/FreeRTOS/tasks.o
 .ARM.attributes
                0x0000043f       0x1e c:/ac6/systemworkbench/plugins/fr.ac6.mcu.externaltools.arm-none.win32_1.15.0.201708311556/tools/compiler/bin/../lib/gcc/arm-none-eabi/6.3.1/thumb/v6-m\libgcc.a(_udivsi3.o)
 .ARM.attributes
                0x0000045d       0x1e c:/ac6/systemworkbench/plugins/fr.ac6.mcu.externaltools.arm-none.win32_1.15.0.201708311556/tools/compiler/bin/../lib/gcc/arm-none-eabi/6.3.1/thumb/v6-m\libgcc.a(_dvmd_tls.o)
 .ARM.attributes
                0x0000047b       0x2c c:/ac6/systemworkbench/plugins/fr.ac6.mcu.externaltools.arm-none.win32_1.15.0.201708311556/tools/compiler/bin/../lib/gcc/arm-none-eabi/6.3.1/../../../../arm-none-eabi/lib/thumb/v6-m\libc_nano.a(lib_a-init.o)
 .ARM.attributes
                0x000004a7       0x1e c:/ac6/systemworkbench/plugins/fr.ac6.mcu.externaltools.arm-none.win32_1.15.0.201708311556/tools/compiler/bin/../lib/gcc/arm-none-eabi/6.3.1/thumb/v6-m/crtn.o
OUTPUT(JetPac_Game.elf elf32-littlearm)

.debug_line     0x00000000     0xe2d3
 .debug_line    0x00000000       0xb1 Application/SW4STM32/startup_stm32f030x8.o
 .debug_line    0x000000b1      0xa95 Application/User/main.o
 .debug_line    0x00000b46      0x854 Application/User/stm32f0xx_hal_msp.o
 .debug_line    0x0000139a      0x7e1 Application/User/stm32f0xx_hal_timebase_TIM.o
 .debug_line    0x00001b7b      0x9e9 Application/User/stm32f0xx_it.o
 .debug_line    0x00002564      0x7dd Drivers/CMSIS/system_stm32f0xx.o
 .debug_line    0x00002d41      0x924 Drivers/STM32F0xx_HAL_Driver/stm32f0xx_hal.o
 .debug_line    0x00003665      0x91d Drivers/STM32F0xx_HAL_Driver/stm32f0xx_hal_cortex.o
 .debug_line    0x00003f82      0x906 Drivers/STM32F0xx_HAL_Driver/stm32f0xx_hal_gpio.o
 .debug_line    0x00004888     0x192f Drivers/STM32F0xx_HAL_Driver/stm32f0xx_hal_i2c.o
 .debug_line    0x000061b7      0x879 Drivers/STM32F0xx_HAL_Driver/stm32f0xx_hal_i2c_ex.o
 .debug_line    0x00006a30      0xa28 Drivers/STM32F0xx_HAL_Driver/stm32f0xx_hal_rcc.o
 .debug_line    0x00007458      0x88b Drivers/STM32F0xx_HAL_Driver/stm32f0xx_hal_rcc_ex.o
 .debug_line    0x00007ce3     0x12fe Drivers/STM32F0xx_HAL_Driver/stm32f0xx_hal_spi.o
 .debug_line    0x00008fe1     0x19a1 Drivers/STM32F0xx_HAL_Driver/stm32f0xx_hal_tim.o
 .debug_line    0x0000a982      0xd76 Drivers/STM32F0xx_HAL_Driver/stm32f0xx_hal_tim_ex.o
 .debug_line    0x0000b6f8      0xbe9 Middlewares/FreeRTOS/cmsis_os.o
 .debug_line    0x0000c2e1      0x65f Middlewares/FreeRTOS/heap_4.o
 .debug_line    0x0000c940      0x5b2 Middlewares/FreeRTOS/list.o
 .debug_line    0x0000cef2      0x578 Middlewares/FreeRTOS/port.o
 .debug_line    0x0000d46a      0xe69 Middlewares/FreeRTOS/tasks.o

.debug_info     0x00000000    0x1ca66
 .debug_info    0x00000000       0xbe Application/SW4STM32/startup_stm32f030x8.o
 .debug_info    0x000000be     0x1d2d Application/User/main.o
 .debug_info    0x00001deb     0x1819 Application/User/stm32f0xx_hal_msp.o
 .debug_info    0x00003604     0x1121 Application/User/stm32f0xx_hal_timebase_TIM.o
 .debug_info    0x00004725      0xe16 Application/User/stm32f0xx_it.o
 .debug_info    0x0000553b      0xa7b Drivers/CMSIS/system_stm32f0xx.o
 .debug_info    0x00005fb6      0xe61 Drivers/STM32F0xx_HAL_Driver/stm32f0xx_hal.o
 .debug_info    0x00006e17      0xfd7 Drivers/STM32F0xx_HAL_Driver/stm32f0xx_hal_cortex.o
 .debug_info    0x00007dee      0xe64 Drivers/STM32F0xx_HAL_Driver/stm32f0xx_hal_gpio.o
 .debug_info    0x00008c52     0x39a3 Drivers/STM32F0xx_HAL_Driver/stm32f0xx_hal_i2c.o
 .debug_info    0x0000c5f5     0x1041 Drivers/STM32F0xx_HAL_Driver/stm32f0xx_hal_i2c_ex.o
 .debug_info    0x0000d636     0x1143 Drivers/STM32F0xx_HAL_Driver/stm32f0xx_hal_rcc.o
 .debug_info    0x0000e779      0xc0a Drivers/STM32F0xx_HAL_Driver/stm32f0xx_hal_rcc_ex.o
 .debug_info    0x0000f383     0x2578 Drivers/STM32F0xx_HAL_Driver/stm32f0xx_hal_spi.o
 .debug_info    0x000118fb     0x36e2 Drivers/STM32F0xx_HAL_Driver/stm32f0xx_hal_tim.o
 .debug_info    0x00014fdd     0x1a90 Drivers/STM32F0xx_HAL_Driver/stm32f0xx_hal_tim_ex.o
 .debug_info    0x00016a6d     0x22fe Middlewares/FreeRTOS/cmsis_os.o
 .debug_info    0x00018d6b      0xbaa Middlewares/FreeRTOS/heap_4.o
 .debug_info    0x00019915      0xad0 Middlewares/FreeRTOS/list.o
 .debug_info    0x0001a3e5      0x2ac Middlewares/FreeRTOS/port.o
 .debug_info    0x0001a691     0x23d5 Middlewares/FreeRTOS/tasks.o

.debug_abbrev   0x00000000     0x35ff
 .debug_abbrev  0x00000000       0x12 Application/SW4STM32/startup_stm32f030x8.o
 .debug_abbrev  0x00000012      0x306 Application/User/main.o
 .debug_abbrev  0x00000318      0x279 Application/User/stm32f0xx_hal_msp.o
 .debug_abbrev  0x00000591      0x2a6 Application/User/stm32f0xx_hal_timebase_TIM.o
 .debug_abbrev  0x00000837      0x21d Application/User/stm32f0xx_it.o
 .debug_abbrev  0x00000a54      0x205 Drivers/CMSIS/system_stm32f0xx.o
 .debug_abbrev  0x00000c59      0x2f4 Drivers/STM32F0xx_HAL_Driver/stm32f0xx_hal.o
 .debug_abbrev  0x00000f4d      0x326 Drivers/STM32F0xx_HAL_Driver/stm32f0xx_hal_cortex.o
 .debug_abbrev  0x00001273      0x2a5 Drivers/STM32F0xx_HAL_Driver/stm32f0xx_hal_gpio.o
 .debug_abbrev  0x00001518      0x2dd Drivers/STM32F0xx_HAL_Driver/stm32f0xx_hal_i2c.o
 .debug_abbrev  0x000017f5      0x264 Drivers/STM32F0xx_HAL_Driver/stm32f0xx_hal_i2c_ex.o
 .debug_abbrev  0x00001a59      0x2e8 Drivers/STM32F0xx_HAL_Driver/stm32f0xx_hal_rcc.o
 .debug_abbrev  0x00001d41      0x2a3 Drivers/STM32F0xx_HAL_Driver/stm32f0xx_hal_rcc_ex.o
 .debug_abbrev  0x00001fe4      0x313 Drivers/STM32F0xx_HAL_Driver/stm32f0xx_hal_spi.o
 .debug_abbrev  0x000022f7      0x2dc Drivers/STM32F0xx_HAL_Driver/stm32f0xx_hal_tim.o
 .debug_abbrev  0x000025d3      0x2dc Drivers/STM32F0xx_HAL_Driver/stm32f0xx_hal_tim_ex.o
 .debug_abbrev  0x000028af      0x3b2 Middlewares/FreeRTOS/cmsis_os.o
 .debug_abbrev  0x00002c61      0x2c6 Middlewares/FreeRTOS/heap_4.o
 .debug_abbrev  0x00002f27      0x21a Middlewares/FreeRTOS/list.o
 .debug_abbrev  0x00003141      0x195 Middlewares/FreeRTOS/port.o
 .debug_abbrev  0x000032d6      0x329 Middlewares/FreeRTOS/tasks.o

.debug_aranges  0x00000000     0x1150
 .debug_aranges
                0x00000000       0x28 Application/SW4STM32/startup_stm32f030x8.o
 .debug_aranges
                0x00000028       0x68 Application/User/main.o
 .debug_aranges
                0x00000090       0x50 Application/User/stm32f0xx_hal_msp.o
 .debug_aranges
                0x000000e0       0x30 Application/User/stm32f0xx_hal_timebase_TIM.o
 .debug_aranges
                0x00000110       0x38 Application/User/stm32f0xx_it.o
 .debug_aranges
                0x00000148       0x28 Drivers/CMSIS/system_stm32f0xx.o
 .debug_aranges
                0x00000170       0xb8 Drivers/STM32F0xx_HAL_Driver/stm32f0xx_hal.o
 .debug_aranges
                0x00000228       0x78 Drivers/STM32F0xx_HAL_Driver/stm32f0xx_hal_cortex.o
 .debug_aranges
                0x000002a0       0x58 Drivers/STM32F0xx_HAL_Driver/stm32f0xx_hal_gpio.o
 .debug_aranges
                0x000002f8      0x260 Drivers/STM32F0xx_HAL_Driver/stm32f0xx_hal_i2c.o
 .debug_aranges
                0x00000558       0x38 Drivers/STM32F0xx_HAL_Driver/stm32f0xx_hal_i2c_ex.o
 .debug_aranges
                0x00000590       0x80 Drivers/STM32F0xx_HAL_Driver/stm32f0xx_hal_rcc.o
 .debug_aranges
                0x00000610       0x30 Drivers/STM32F0xx_HAL_Driver/stm32f0xx_hal_rcc_ex.o
 .debug_aranges
                0x00000640      0x1d8 Drivers/STM32F0xx_HAL_Driver/stm32f0xx_hal_spi.o
 .debug_aranges
                0x00000818      0x378 Drivers/STM32F0xx_HAL_Driver/stm32f0xx_hal_tim.o
 .debug_aranges
                0x00000b90      0x140 Drivers/STM32F0xx_HAL_Driver/stm32f0xx_hal_tim_ex.o
 .debug_aranges
                0x00000cd0      0x1d8 Middlewares/FreeRTOS/cmsis_os.o
 .debug_aranges
                0x00000ea8       0x50 Middlewares/FreeRTOS/heap_4.o
 .debug_aranges
                0x00000ef8       0x40 Middlewares/FreeRTOS/list.o
 .debug_aranges
                0x00000f38       0x88 Middlewares/FreeRTOS/port.o
 .debug_aranges
                0x00000fc0      0x190 Middlewares/FreeRTOS/tasks.o

.debug_ranges   0x00000000     0x1120
 .debug_ranges  0x00000000       0x20 Application/SW4STM32/startup_stm32f030x8.o
 .debug_ranges  0x00000020       0x58 Application/User/main.o
 .debug_ranges  0x00000078       0x40 Application/User/stm32f0xx_hal_msp.o
 .debug_ranges  0x000000b8       0x20 Application/User/stm32f0xx_hal_timebase_TIM.o
 .debug_ranges  0x000000d8       0x28 Application/User/stm32f0xx_it.o
 .debug_ranges  0x00000100       0x18 Drivers/CMSIS/system_stm32f0xx.o
 .debug_ranges  0x00000118       0xa8 Drivers/STM32F0xx_HAL_Driver/stm32f0xx_hal.o
 .debug_ranges  0x000001c0       0xb0 Drivers/STM32F0xx_HAL_Driver/stm32f0xx_hal_cortex.o
 .debug_ranges  0x00000270       0x48 Drivers/STM32F0xx_HAL_Driver/stm32f0xx_hal_gpio.o
 .debug_ranges  0x000002b8      0x250 Drivers/STM32F0xx_HAL_Driver/stm32f0xx_hal_i2c.o
 .debug_ranges  0x00000508       0x28 Drivers/STM32F0xx_HAL_Driver/stm32f0xx_hal_i2c_ex.o
 .debug_ranges  0x00000530       0x88 Drivers/STM32F0xx_HAL_Driver/stm32f0xx_hal_rcc.o
 .debug_ranges  0x000005b8       0x38 Drivers/STM32F0xx_HAL_Driver/stm32f0xx_hal_rcc_ex.o
 .debug_ranges  0x000005f0      0x1c8 Drivers/STM32F0xx_HAL_Driver/stm32f0xx_hal_spi.o
 .debug_ranges  0x000007b8      0x368 Drivers/STM32F0xx_HAL_Driver/stm32f0xx_hal_tim.o
 .debug_ranges  0x00000b20      0x130 Drivers/STM32F0xx_HAL_Driver/stm32f0xx_hal_tim_ex.o
 .debug_ranges  0x00000c50      0x1c8 Middlewares/FreeRTOS/cmsis_os.o
 .debug_ranges  0x00000e18       0x40 Middlewares/FreeRTOS/heap_4.o
 .debug_ranges  0x00000e58       0x30 Middlewares/FreeRTOS/list.o
 .debug_ranges  0x00000e88       0x78 Middlewares/FreeRTOS/port.o
 .debug_ranges  0x00000f00      0x220 Middlewares/FreeRTOS/tasks.o

.debug_loc      0x00000000     0xe044
 .debug_loc     0x00000000       0x5b Application/User/main.o
 .debug_loc     0x0000005b      0x122 Application/User/stm32f0xx_hal_msp.o
 .debug_loc     0x0000017d       0x79 Application/User/stm32f0xx_hal_timebase_TIM.o
 .debug_loc     0x000001f6      0x10e Drivers/CMSIS/system_stm32f0xx.o
 .debug_loc     0x00000304       0x7c Drivers/STM32F0xx_HAL_Driver/stm32f0xx_hal.o
 .debug_loc     0x00000380      0x393 Drivers/STM32F0xx_HAL_Driver/stm32f0xx_hal_cortex.o
 .debug_loc     0x00000713      0x2b2 Drivers/STM32F0xx_HAL_Driver/stm32f0xx_hal_gpio.o
 .debug_loc     0x000009c5     0x39fd Drivers/STM32F0xx_HAL_Driver/stm32f0xx_hal_i2c.o
 .debug_loc     0x000043c2      0x19f Drivers/STM32F0xx_HAL_Driver/stm32f0xx_hal_i2c_ex.o
 .debug_loc     0x00004561      0x416 Drivers/STM32F0xx_HAL_Driver/stm32f0xx_hal_rcc.o
 .debug_loc     0x00004977      0x342 Drivers/STM32F0xx_HAL_Driver/stm32f0xx_hal_rcc_ex.o
 .debug_loc     0x00004cb9     0x1d6a Drivers/STM32F0xx_HAL_Driver/stm32f0xx_hal_spi.o
 .debug_loc     0x00006a23     0x3808 Drivers/STM32F0xx_HAL_Driver/stm32f0xx_hal_tim.o
 .debug_loc     0x0000a22b     0x110a Drivers/STM32F0xx_HAL_Driver/stm32f0xx_hal_tim_ex.o
 .debug_loc     0x0000b335     0x1171 Middlewares/FreeRTOS/cmsis_os.o
 .debug_loc     0x0000c4a6      0x28e Middlewares/FreeRTOS/heap_4.o
 .debug_loc     0x0000c734       0x70 Middlewares/FreeRTOS/list.o
 .debug_loc     0x0000c7a4       0xa6 Middlewares/FreeRTOS/port.o
 .debug_loc     0x0000c84a     0x17fa Middlewares/FreeRTOS/tasks.o

.debug_macro    0x00000000     0xdffd
 .debug_macro   0x00000000      0x3c0 Application/User/main.o
 .debug_macro   0x000003c0       0xab Application/User/main.o
 .debug_macro   0x0000046b       0x2e Application/User/main.o
 .debug_macro   0x00000499       0x22 Application/User/main.o
 .debug_macro   0x000004bb       0x34 Application/User/main.o
 .debug_macro   0x000004ef       0x26 Application/User/main.o
 .debug_macro   0x00000515      0x30d Application/User/main.o
 .debug_macro   0x00000822     0x6fa9 Application/User/main.o
 .debug_macro   0x000077cb       0x3c Application/User/main.o
 .debug_macro   0x00007807       0x58 Application/User/main.o
 .debug_macro   0x0000785f       0x35 Application/User/main.o
 .debug_macro   0x00007894       0x9c Application/User/main.o
 .debug_macro   0x00007930       0x16 Application/User/main.o
 .debug_macro   0x00007946       0x97 Application/User/main.o
 .debug_macro   0x000079dd      0x330 Application/User/main.o
 .debug_macro   0x00007d0d       0xfd Application/User/main.o
 .debug_macro   0x00007e0a       0x10 Application/User/main.o
 .debug_macro   0x00007e1a       0x58 Application/User/main.o
 .debug_macro   0x00007e72       0x1f Application/User/main.o
 .debug_macro   0x00007e91       0x43 Application/User/main.o
 .debug_macro   0x00007ed4       0x20 Application/User/main.o
 .debug_macro   0x00007ef4      0x187 Application/User/main.o
 .debug_macro   0x0000807b       0x10 Application/User/main.o
 .debug_macro   0x0000808b       0x1c Application/User/main.o
 .debug_macro   0x000080a7       0x52 Application/User/main.o
 .debug_macro   0x000080f9       0x40 Application/User/main.o
 .debug_macro   0x00008139       0x10 Application/User/main.o
 .debug_macro   0x00008149       0x40 Application/User/main.o
 .debug_macro   0x00008189       0xd7 Application/User/main.o
 .debug_macro   0x00008260       0x16 Application/User/main.o
 .debug_macro   0x00008276      0x18b Application/User/main.o
 .debug_macro   0x00008401       0x49 Application/User/main.o
 .debug_macro   0x0000844a      0x92f Application/User/main.o
 .debug_macro   0x00008d79      0x180 Application/User/main.o
 .debug_macro   0x00008ef9      0x13a Application/User/main.o
 .debug_macro   0x00009033       0xe5 Application/User/main.o
 .debug_macro   0x00009118      0x1ed Application/User/main.o
 .debug_macro   0x00009305       0x34 Application/User/main.o
 .debug_macro   0x00009339       0x43 Application/User/main.o
 .debug_macro   0x0000937c       0x28 Application/User/main.o
 .debug_macro   0x000093a4       0xb6 Application/User/main.o
 .debug_macro   0x0000945a      0x199 Application/User/main.o
 .debug_macro   0x000095f3      0x202 Application/User/main.o
 .debug_macro   0x000097f5       0x61 Application/User/main.o
 .debug_macro   0x00009856       0x90 Application/User/main.o
 .debug_macro   0x000098e6       0x4d Application/User/main.o
 .debug_macro   0x00009933       0x2d Application/User/main.o
 .debug_macro   0x00009960      0x2f0 Application/User/main.o
 .debug_macro   0x00009c50      0x845 Application/User/main.o
 .debug_macro   0x0000a495       0x45 Application/User/main.o
 .debug_macro   0x0000a4da       0xf8 Application/User/main.o
 .debug_macro   0x0000a5d2       0xd2 Application/User/main.o
 .debug_macro   0x0000a6a4       0x91 Application/User/main.o
 .debug_macro   0x0000a735       0x94 Application/User/main.o
 .debug_macro   0x0000a7c9       0x63 Application/User/main.o
 .debug_macro   0x0000a82c       0x19 Application/User/main.o
 .debug_macro   0x0000a845       0xcf Application/User/main.o
 .debug_macro   0x0000a914      0x308 Application/User/stm32f0xx_hal_msp.o
 .debug_macro   0x0000ac1c      0x308 Application/User/stm32f0xx_hal_timebase_TIM.o
 .debug_macro   0x0000af24      0x3c6 Application/User/stm32f0xx_it.o
 .debug_macro   0x0000b2ea      0x308 Drivers/CMSIS/system_stm32f0xx.o
 .debug_macro   0x0000b5f2      0x32c Drivers/STM32F0xx_HAL_Driver/stm32f0xx_hal.o
 .debug_macro   0x0000b91e      0x308 Drivers/STM32F0xx_HAL_Driver/stm32f0xx_hal_cortex.o
 .debug_macro   0x0000bc26      0x340 Drivers/STM32F0xx_HAL_Driver/stm32f0xx_hal_gpio.o
 .debug_macro   0x0000bf66      0x3d4 Drivers/STM32F0xx_HAL_Driver/stm32f0xx_hal_i2c.o
 .debug_macro   0x0000c33a      0x308 Drivers/STM32F0xx_HAL_Driver/stm32f0xx_hal_i2c_ex.o
 .debug_macro   0x0000c642      0x31a Drivers/STM32F0xx_HAL_Driver/stm32f0xx_hal_rcc.o
 .debug_macro   0x0000c95c      0x308 Drivers/STM32F0xx_HAL_Driver/stm32f0xx_hal_rcc_ex.o
 .debug_macro   0x0000cc64      0x310 Drivers/STM32F0xx_HAL_Driver/stm32f0xx_hal_spi.o
 .debug_macro   0x0000cf74      0x308 Drivers/STM32F0xx_HAL_Driver/stm32f0xx_hal_tim.o
 .debug_macro   0x0000d27c      0x308 Drivers/STM32F0xx_HAL_Driver/stm32f0xx_hal_tim_ex.o
 .debug_macro   0x0000d584      0x1f3 Middlewares/FreeRTOS/cmsis_os.o
 .debug_macro   0x0000d777       0x52 Middlewares/FreeRTOS/cmsis_os.o
 .debug_macro   0x0000d7c9       0x8d Middlewares/FreeRTOS/cmsis_os.o
 .debug_macro   0x0000d856       0x57 Middlewares/FreeRTOS/cmsis_os.o
 .debug_macro   0x0000d8ad       0x10 Middlewares/FreeRTOS/cmsis_os.o
 .debug_macro   0x0000d8bd       0x35 Middlewares/FreeRTOS/cmsis_os.o
 .debug_macro   0x0000d8f2      0x1b2 Middlewares/FreeRTOS/heap_4.o
 .debug_macro   0x0000daa4      0x18b Middlewares/FreeRTOS/list.o
 .debug_macro   0x0000dc2f      0x14c Middlewares/FreeRTOS/port.o
 .debug_macro   0x0000dd7b      0x271 Middlewares/FreeRTOS/tasks.o
 .debug_macro   0x0000dfec       0x11 Middlewares/FreeRTOS/tasks.o

.debug_str      0x00000000    0x4f6cc
 .debug_str     0x00000000    0x4a015 Application/User/main.o
                              0x4a386 (size before relaxing)
 .debug_str     0x0004a015       0xe8 Application/User/stm32f0xx_hal_msp.o
                              0x44f60 (size before relaxing)
 .debug_str     0x0004a0fd      0x126 Application/User/stm32f0xx_hal_timebase_TIM.o
                              0x44aef (size before relaxing)
 .debug_str     0x0004a223       0xc6 Application/User/stm32f0xx_it.o
                              0x4983d (size before relaxing)
 .debug_str     0x0004a2e9       0x87 Drivers/CMSIS/system_stm32f0xx.o
                              0x44470 (size before relaxing)
 .debug_str     0x0004a370      0x32f Drivers/STM32F0xx_HAL_Driver/stm32f0xx_hal.o
                              0x44977 (size before relaxing)
 .debug_str     0x0004a69f      0x1ed Drivers/STM32F0xx_HAL_Driver/stm32f0xx_hal_cortex.o
                              0x44825 (size before relaxing)
 .debug_str     0x0004a88c      0x23e Drivers/STM32F0xx_HAL_Driver/stm32f0xx_hal_gpio.o
                              0x44717 (size before relaxing)
 .debug_str     0x0004aaca      0xd92 Drivers/STM32F0xx_HAL_Driver/stm32f0xx_hal_i2c.o
                              0x45665 (size before relaxing)
 .debug_str     0x0004b85c       0xb6 Drivers/STM32F0xx_HAL_Driver/stm32f0xx_hal_i2c_ex.o
                              0x449e4 (size before relaxing)
 .debug_str     0x0004b912      0x1e4 Drivers/STM32F0xx_HAL_Driver/stm32f0xx_hal_rcc.o
                              0x4487b (size before relaxing)
 .debug_str     0x0004baf6       0xc4 Drivers/STM32F0xx_HAL_Driver/stm32f0xx_hal_rcc_ex.o
                              0x445ea (size before relaxing)
 .debug_str     0x0004bbba      0x55a Drivers/STM32F0xx_HAL_Driver/stm32f0xx_hal_spi.o
                              0x44daa (size before relaxing)
 .debug_str     0x0004c114      0xd38 Drivers/STM32F0xx_HAL_Driver/stm32f0xx_hal_tim.o
                              0x455c5 (size before relaxing)
 .debug_str     0x0004ce4c      0x53a Drivers/STM32F0xx_HAL_Driver/stm32f0xx_hal_tim_ex.o
                              0x44e37 (size before relaxing)
 .debug_str     0x0004d386      0xa18 Middlewares/FreeRTOS/cmsis_os.o
                               0xc044 (size before relaxing)
 .debug_str     0x0004dd9e      0x3b0 Middlewares/FreeRTOS/heap_4.o
                               0x9a0c (size before relaxing)
 .debug_str     0x0004e14e      0x16a Middlewares/FreeRTOS/list.o
                               0x92eb (size before relaxing)
 .debug_str     0x0004e2b8      0x483 Middlewares/FreeRTOS/port.o
                               0x6f99 (size before relaxing)
 .debug_str     0x0004e73b      0xf91 Middlewares/FreeRTOS/tasks.o
                               0xb2cb (size before relaxing)

.comment        0x00000000       0x7f
 .comment       0x00000000       0x7f Application/User/main.o
                                 0x80 (size before relaxing)
 .comment       0x0000007f       0x80 Application/User/stm32f0xx_hal_msp.o
 .comment       0x0000007f       0x80 Application/User/stm32f0xx_hal_timebase_TIM.o
 .comment       0x0000007f       0x80 Application/User/stm32f0xx_it.o
 .comment       0x0000007f       0x80 Drivers/CMSIS/system_stm32f0xx.o
 .comment       0x0000007f       0x80 Drivers/STM32F0xx_HAL_Driver/stm32f0xx_hal.o
 .comment       0x0000007f       0x80 Drivers/STM32F0xx_HAL_Driver/stm32f0xx_hal_cortex.o
 .comment       0x0000007f       0x80 Drivers/STM32F0xx_HAL_Driver/stm32f0xx_hal_gpio.o
 .comment       0x0000007f       0x80 Drivers/STM32F0xx_HAL_Driver/stm32f0xx_hal_i2c.o
 .comment       0x0000007f       0x80 Drivers/STM32F0xx_HAL_Driver/stm32f0xx_hal_i2c_ex.o
 .comment       0x0000007f       0x80 Drivers/STM32F0xx_HAL_Driver/stm32f0xx_hal_rcc.o
 .comment       0x0000007f       0x80 Drivers/STM32F0xx_HAL_Driver/stm32f0xx_hal_rcc_ex.o
 .comment       0x0000007f       0x80 Drivers/STM32F0xx_HAL_Driver/stm32f0xx_hal_spi.o
 .comment       0x0000007f       0x80 Drivers/STM32F0xx_HAL_Driver/stm32f0xx_hal_tim.o
 .comment       0x0000007f       0x80 Drivers/STM32F0xx_HAL_Driver/stm32f0xx_hal_tim_ex.o
 .comment       0x0000007f       0x80 Middlewares/FreeRTOS/cmsis_os.o
 .comment       0x0000007f       0x80 Middlewares/FreeRTOS/heap_4.o
 .comment       0x0000007f       0x80 Middlewares/FreeRTOS/list.o
 .comment       0x0000007f       0x80 Middlewares/FreeRTOS/port.o
 .comment       0x0000007f       0x80 Middlewares/FreeRTOS/tasks.o

.debug_frame    0x00000000     0x2e2c
 .debug_frame   0x00000000       0xfc Application/User/main.o
 .debug_frame   0x000000fc       0xac Application/User/stm32f0xx_hal_msp.o
 .debug_frame   0x000001a8       0x48 Application/User/stm32f0xx_hal_timebase_TIM.o
 .debug_frame   0x000001f0       0x60 Application/User/stm32f0xx_it.o
 .debug_frame   0x00000250       0x38 Drivers/CMSIS/system_stm32f0xx.o
 .debug_frame   0x00000288      0x174 Drivers/STM32F0xx_HAL_Driver/stm32f0xx_hal.o
 .debug_frame   0x000003fc       0xe4 Drivers/STM32F0xx_HAL_Driver/stm32f0xx_hal_cortex.o
 .debug_frame   0x000004e0       0xcc Drivers/STM32F0xx_HAL_Driver/stm32f0xx_hal_gpio.o
 .debug_frame   0x000005ac      0x784 Drivers/STM32F0xx_HAL_Driver/stm32f0xx_hal_i2c.o
 .debug_frame   0x00000d30       0x78 Drivers/STM32F0xx_HAL_Driver/stm32f0xx_hal_i2c_ex.o
 .debug_frame   0x00000da8      0x12c Drivers/STM32F0xx_HAL_Driver/stm32f0xx_hal_rcc.o
 .debug_frame   0x00000ed4       0x58 Drivers/STM32F0xx_HAL_Driver/stm32f0xx_hal_rcc_ex.o
 .debug_frame   0x00000f2c      0x578 Drivers/STM32F0xx_HAL_Driver/stm32f0xx_hal_spi.o
 .debug_frame   0x000014a4      0x9cc Drivers/STM32F0xx_HAL_Driver/stm32f0xx_hal_tim.o
 .debug_frame   0x00001e70      0x384 Drivers/STM32F0xx_HAL_Driver/stm32f0xx_hal_tim_ex.o
 .debug_frame   0x000021f4      0x538 Middlewares/FreeRTOS/cmsis_os.o
 .debug_frame   0x0000272c       0xa8 Middlewares/FreeRTOS/heap_4.o
 .debug_frame   0x000027d4       0x6c Middlewares/FreeRTOS/list.o
 .debug_frame   0x00002840      0x110 Middlewares/FreeRTOS/port.o
 .debug_frame   0x00002950      0x490 Middlewares/FreeRTOS/tasks.o
 .debug_frame   0x00002de0       0x20 c:/ac6/systemworkbench/plugins/fr.ac6.mcu.externaltools.arm-none.win32_1.15.0.201708311556/tools/compiler/bin/../lib/gcc/arm-none-eabi/6.3.1/thumb/v6-m\libgcc.a(_udivsi3.o)
 .debug_frame   0x00002e00       0x2c c:/ac6/systemworkbench/plugins/fr.ac6.mcu.externaltools.arm-none.win32_1.15.0.201708311556/tools/compiler/bin/../lib/gcc/arm-none-eabi/6.3.1/../../../../arm-none-eabi/lib/thumb/v6-m\libc_nano.a(lib_a-init.o)
